[{"stream_name":"stdout","time":0.889194051,"data":"$ git clone -q -b feat/vslt-complete https://github.com/sampham-AIstudy/Vietnamese-Sign-Language-Translator.git /tmp/vslt  (cwd=/tmp, log=/kaggle/working/k2/logs/clone.log)\n"}
,{"stream_name":"stdout","time":3.412413478,"data":"$ git -C /tmp/vslt checkout -q c0c70d23fcd5c6d2345c598fb434ff4576a5ef91  (cwd=/tmp, log=/kaggle/working/k2/logs/clone.log)\n"}
,{"stream_name":"stdout","time":3.530585591,"data":"PINNED COMMIT c0c70d23fcd5c6d2345c598fb434ff4576a5ef91\n"}
,{"stream_name":"stdout","time":3.542171982,"data":"PREREGISTRATION reports/retrain_2026-10-02/preregistration.json commit ea12b44734840a0c0ccb7d35944d0db7df701091 (ancestor of the pin)\n"}
,{"stream_name":"stdout","time":3.542188951,"data":"$ /usr/bin/python3 -m pip install -q safetensors==0.8.0 sentencepiece==0.2.2 tokenizers==0.22.2 transformers==4.57.6  (cwd=/tmp, log=/kaggle/working/k2/logs/pip.log)\n"}
,{"stream_name":"stdout","time":22.471015297,"data":"$ git clone -q https://github.com/BichDiep/Parallel-Corpus-Vie-VSL.git /tmp/vslt/clone/Parallel-Corpus-Vie-VSL  (cwd=/tmp, log=/kaggle/working/k2/logs/clone.log)\n"}
,{"stream_name":"stdout","time":24.641368459,"data":"$ git -C /tmp/vslt/clone/Parallel-Corpus-Vie-VSL checkout -q f57558c3fa79ced8a961cba825157c573fd4c74d  (cwd=/tmp, log=/kaggle/working/k2/logs/clone.log)\n"}
,{"stream_name":"stdout","time":24.707351035,"data":"UPSTREAM parallel_corpus f57558c3fa79ced8a961cba825157c573fd4c74d\n"}
,{"stream_name":"stdout","time":24.707384445,"data":"$ git clone -q https://github.com/nguyentheanh822/Vietnamese-Sign-Language-Translation.git /tmp/vslt/clone/Vietnamese-Sign-Language-Translation  (cwd=/tmp, log=/kaggle/working/k2/logs/clone.log)\n"}
,{"stream_name":"stdout","time":65.38860555,"data":"$ git -C /tmp/vslt/clone/Vietnamese-Sign-Language-Translation checkout -q 6c351e63c0b2cf1b5e2e8056bb3bf2d6f31dc90a  (cwd=/tmp, log=/kaggle/working/k2/logs/clone.log)\n"}
,{"stream_name":"stdout","time":65.508510724,"data":"UPSTREAM vsl_gh 6c351e63c0b2cf1b5e2e8056bb3bf2d6f31dc90a\n"}
,{"stream_name":"stdout","time":65.508696524,"data":"$ /usr/bin/python3 scripts/prepare_canonical_vsl_gh.py  (cwd=/tmp/vslt, log=/kaggle/working/k2/logs/prepare_vsl_gh.log)\n"}
,{"stream_name":"stdout","time":73.897882787,"data":"$ /usr/bin/python3 /tmp/k2_scratch/run_prepare_translation.py /tmp/vslt /kaggle/working/k2/translation_corpus_validation.json  (cwd=/tmp/k2_scratch, log=/kaggle/working/k2/logs/prepare_translation.log)\n"}
,{"stream_name":"stdout","time":74.162934492,"data":"$ /usr/bin/python3 scripts/clean_10k_translation_corpus.py  (cwd=/tmp/vslt, log=/kaggle/working/k2/logs/clean_10k.log)\n"}
,{"stream_name":"stdout","time":74.428111049,"data":"$ /usr/bin/python3 scripts/build_gloss_vocab_canonical.py --canonical data/external/vsl_gh/dataset_canonical.json --out data/external/vsl_gh/gloss_vocab_canonical.txt --sentence-split configs/vslgh_sentence_split_v1.json --split train  (cwd=/tmp/vslt, log=/kaggle/working/k2/logs/vocab.log)\n"}
,{"stream_name":"stdout","time":83.920386876,"data":"$ /usr/bin/python3 /tmp/k2_scratch/hf_probe.py list VietAI/vit5-base  (cwd=/tmp/k2_scratch, log=/kaggle/working/k2/logs/hf_preflight.log)\n"}
,{"stream_name":"stdout","time":84.78672567,"data":"HF LIST VietAI/vit5-base attempt 1/3: ok in 0.9 s\n"}
,{"stream_name":"stdout","time":84.78675362,"data":"HF VietAI/vit5-base @ 2209a38d735ede63e88f5aa52bcdc11a05a37b85: 6 file(s) needed, 907111529 B; not downloaded: ['.gitattributes', 'README.md', 'flax_model.msgpack', 'tf_model.h5']\n"}
,{"stream_name":"stdout","time":84.78676025,"data":"HF FILE 1/6 config.json (702 B): fetching (timeout 120 s per attempt, 3 attempts)\n"}
,{"stream_name":"stdout","time":84.7868325,"data":"$ /usr/bin/python3 /tmp/k2_scratch/hf_probe.py fetch VietAI/vit5-base 2209a38d735ede63e88f5aa52bcdc11a05a37b85 config.json  (cwd=/tmp/k2_scratch, log=/kaggle/working/k2/logs/hf_preflight.log)\n"}
,{"stream_name":"stdout","time":85.352697385,"data":"HF FILE 1/6 config.json (702 B) attempt 1/3: ok in 0.6 s\n"}
,{"stream_name":"stdout","time":85.352725585,"data":"HF FILE 1/6 config.json (702 B): verified sha256 1df0f6db74a362de8d54eb1721f6137fb99b85acaec7d2cd526c0fbbc1fcab90 in 0.24 s\n"}
,{"stream_name":"stdout","time":85.352730205,"data":"HF FILE 2/6 pytorch_model.bin (903886847 B): fetching (timeout 571 s per attempt, 3 attempts)\n"}
,{"stream_name":"stdout","time":85.352733535,"data":"$ /usr/bin/python3 /tmp/k2_scratch/hf_probe.py fetch VietAI/vit5-base 2209a38d735ede63e88f5aa52bcdc11a05a37b85 pytorch_model.bin  (cwd=/tmp/k2_scratch, log=/kaggle/working/k2/logs/hf_preflight.log)\n"}
,{"stream_name":"stdout","time":110.89361258,"data":"HF FILE 2/6 pytorch_model.bin (903886847 B) attempt 1/3: ok in 25.5 s\n"}
,{"stream_name":"stdout","time":110.89364896,"data":"HF FILE 2/6 pytorch_model.bin (903886847 B): verified sha256 6e666460219d3495e6437ac09061425ccf896532c92ec00cd3e6130cc94f3f44 in 25.25 s\n"}
,{"stream_name":"stdout","time":110.8936551,"data":"HF FILE 3/6 special_tokens_map.json (2117 B): fetching (timeout 120 s per attempt, 3 attempts)\n"}
,{"stream_name":"stdout","time":110.89366026,"data":"$ /usr/bin/python3 /tmp/k2_scratch/hf_probe.py fetch VietAI/vit5-base 2209a38d735ede63e88f5aa52bcdc11a05a37b85 special_tokens_map.json  (cwd=/tmp/k2_scratch, log=/kaggle/working/k2/logs/hf_preflight.log)\n"}
,{"stream_name":"stdout","time":111.459629697,"data":"HF FILE 3/6 special_tokens_map.json (2117 B) attempt 1/3: ok in 0.6 s\n"}
,{"stream_name":"stdout","time":111.459669217,"data":"HF FILE 3/6 special_tokens_map.json (2117 B): verified sha256 1bf246679a41f9204ef9085d6ebe314cb3ec1c916db54e2a3be6e49c9c839453 in 0.25 s\n"}
,{"stream_name":"stdout","time":111.459675267,"data":"HF FILE 4/6 spiece.model (820370 B): fetching (timeout 120 s per attempt, 3 attempts)\n"}
,{"stream_name":"stdout","time":111.459859747,"data":"$ /usr/bin/python3 /tmp/k2_scratch/hf_probe.py fetch VietAI/vit5-base 2209a38d735ede63e88f5aa52bcdc11a05a37b85 spiece.model  (cwd=/tmp/k2_scratch, log=/kaggle/working/k2/logs/hf_preflight.log)\n"}
,{"stream_name":"stdout","time":113.480521034,"data":"HF FILE 4/6 spiece.model (820370 B) attempt 1/3: ok in 2.0 s\n"}
,{"stream_name":"stdout","time":113.480553524,"data":"HF FILE 4/6 spiece.model (820370 B): verified sha256 59986b62f9f0b90edafb9b073ea7b93d21114a5841219a1ea2399ade73f729c6 in 1.7 s\n"}
,{"stream_name":"stdout","time":113.480559494,"data":"HF FILE 5/6 tokenizer.json (2399296 B): fetching (timeout 121 s per attempt, 3 attempts)\n"}
,{"stream_name":"stdout","time":113.480564304,"data":"$ /usr/bin/python3 /tmp/k2_scratch/hf_probe.py fetch VietAI/vit5-base 2209a38d735ede63e88f5aa52bcdc11a05a37b85 tokenizer.json  (cwd=/tmp/k2_scratch, log=/kaggle/working/k2/logs/hf_preflight.log)\n"}
,{"stream_name":"stdout","time":114.046489573,"data":"HF FILE 5/6 tokenizer.json (2399296 B) attempt 1/3: ok in 0.6 s\n"}
,{"stream_name":"stdout","time":114.046524722,"data":"HF FILE 5/6 tokenizer.json (2399296 B): verified sha256 8a92d24897341fe51bc911919dfc6e0cb3e9e0738ad9b200df8cf058aa5f5b2d in 0.27 s\n"}
,{"stream_name":"stdout","time":114.046530453,"data":"HF FILE 6/6 tokenizer_config.json (2197 B): fetching (timeout 120 s per attempt, 3 attempts)\n"}
,{"stream_name":"stdout","time":114.046619072,"data":"$ /usr/bin/python3 /tmp/k2_scratch/hf_probe.py fetch VietAI/vit5-base 2209a38d735ede63e88f5aa52bcdc11a05a37b85 tokenizer_config.json  (cwd=/tmp/k2_scratch, log=/kaggle/working/k2/logs/hf_preflight.log)\n"}
,{"stream_name":"stdout","time":114.6130236,"data":"HF FILE 6/6 tokenizer_config.json (2197 B) attempt 1/3: ok in 0.6 s\n"}
,{"stream_name":"stdout","time":114.61306249,"data":"HF FILE 6/6 tokenizer_config.json (2197 B): verified sha256 ecb83bb098cb056e05a23df88aec10511e9234aa6122c74f734185a08d461792 in 0.24 s\n"}
,{"stream_name":"stdout","time":114.61314173,"data":"$ /usr/bin/python3 /tmp/k2_scratch/hf_probe.py load VietAI/vit5-base 2209a38d735ede63e88f5aa52bcdc11a05a37b85  (cwd=/tmp/k2_scratch, log=/kaggle/working/k2/logs/hf_preflight.log)\n"}
,{"stream_name":"stdout","time":150.92744908,"data":"HF LOAD VietAI/vit5-base (offline) attempt 1/3: ok in 36.3 s\n"}
,{"stream_name":"stdout","time":150.92748886,"data":"HF_SNAPSHOT VietAI/vit5-base 2209a38d735ede63e88f5aa52bcdc11a05a37b85 n_params=225950976 tokenizer=T5TokenizerFast (1.12 min)\n"}
,{"stream_name":"stdout","time":158.445823799,"data":"MATCH    sentence_split.sha256: expected=\"289b2ac158419d6a5e7487a256bdb9a6bf8fbac9bc76fb167fbfa9a86d8421a4\" measured=\"289b2ac158419d6a5e7487a256bdb9a6bf8fbac9bc76fb167fbfa9a86d8421a4\"\n"}
,{"stream_name":"stdout","time":158.445895129,"data":"MATCH    inputs.dataset_canonical_json.lf_sha256: expected=\"d53ab70100e2b2cd70ed32ec6893aa0bcdffab0c4389f27b7d3b8838f6c9a881\" measured=\"d53ab70100e2b2cd70ed32ec6893aa0bcdffab0c4389f27b7d3b8838f6c9a881\"\n"}
,{"stream_name":"stdout","time":158.445903369,"data":"MATCH    inputs.dataset_canonical_json.n_samples: expected=4200 measured=4200\n"}
,{"stream_name":"stdout","time":158.445908329,"data":"MATCH    inputs.keypoints_frontal.dir_digest: expected=\"596429252ff53caf1948fc9ed6e416952ee1a33876aa8972c25fcc9786e3bcae\" measured=\"596429252ff53caf1948fc9ed6e416952ee1a33876aa8972c25fcc9786e3bcae\"\n"}
,{"stream_name":"stdout","time":158.445913469,"data":"MATCH    inputs.keypoints_frontal.n_files: expected=4200 measured=4200\n"}
,{"stream_name":"stdout","time":158.445917979,"data":"MATCH    inputs.vie_vsl_10k_jsonl.lf_sha256: expected=\"c1dcceffc20e4dc2c659902a44b6c00bd3981431caaa131d3e68a94e074440e6\" measured=\"c1dcceffc20e4dc2c659902a44b6c00bd3981431caaa131d3e68a94e074440e6\"\n"}
,{"stream_name":"stdout","time":158.445923059,"data":"MATCH    inputs.vie_vsl_10k_jsonl.n_lines: expected=9405 measured=9405\n"}
,{"stream_name":"stdout","time":158.445927379,"data":"MATCH    inputs.vie_vsl_10k_cleaned_jsonl.lf_sha256: expected=\"f141f64a04d919fc8c9887cc76b2c6cf027c8f996eba3c6df168732d766c1778\" measured=\"f141f64a04d919fc8c9887cc76b2c6cf027c8f996eba3c6df168732d766c1778\"\n"}
,{"stream_name":"stdout","time":158.445932559,"data":"MATCH    inputs.vie_vsl_10k_cleaned_jsonl.n_records: expected=7140 measured=7140\n"}
,{"stream_name":"stdout","time":158.445937139,"data":"MATCH    inputs.gloss_vocab_canonical_txt.sha256: expected=\"c0af13dbdf20e7d5a4dd6644f9c8217d8cfb937e48b7f25c8bf4e021c06213d0\" measured=\"c0af13dbdf20e7d5a4dd6644f9c8217d8cfb937e48b7f25c8bf4e021c06213d0\"\n"}
,{"stream_name":"stdout","time":158.445942139,"data":"MATCH    inputs.gloss_vocab_canonical_txt.n_tokens: expected=322 measured=322\n"}
,{"stream_name":"stdout","time":158.445946549,"data":"MATCH    vocab.n_tokens: expected=322 measured=322\n"}
,{"stream_name":"stdout","time":158.445951329,"data":"MATCH    vocab.sha256: expected=\"c0af13dbdf20e7d5a4dd6644f9c8217d8cfb937e48b7f25c8bf4e021c06213d0\" measured=\"c0af13dbdf20e7d5a4dd6644f9c8217d8cfb937e48b7f25c8bf4e021c06213d0\"\n"}
,{"stream_name":"stdout","time":158.445958649,"data":"MATCH    vocab.glosses_only_in_val: expected=[\"4\", \"55\", \"BẤT-THƯỜNG\", \"BỎ-RA\", \"CHI-PHÍ\", \"CÙNG\", \"CẬN-THỊ\", \"GÃI\", \"HEN-SUYỄN\", \"KHÍ-HƯ\", \"KÍNH\", \"LO-LẮNG\", \"LÁI-X measured=[\"4\", \"55\", \"BẤT-THƯỜNG\", \"BỎ-RA\", \"CHI-PHÍ\", \"CÙNG\", \"CẬN-THỊ\", \"GÃI\", \"HEN-SUYỄN\", \"KHÍ-HƯ\", \"KÍNH\", \"LO-LẮNG\", \"LÁI-X\n"}
,{"stream_name":"stdout","time":158.445967179,"data":"MATCH    vocab.glosses_only_in_test: expected=[\"1-NGÀY\", \"CHO-TÔI\", \"CHÀO\", \"CUỐI-CÙNG\", \"CẢM-ƠN\", \"GIẢI-THÍCH\", \"GIẤY-PHÉP\", \"KHÔNG-HIỂU\", \"KIÊNG\", \"KỲ\", \"LÂY\", \"LẤY measured=[\"1-NGÀY\", \"CHO-TÔI\", \"CHÀO\", \"CUỐI-CÙNG\", \"CẢM-ƠN\", \"GIẢI-THÍCH\", \"GIẤY-PHÉP\", \"KHÔNG-HIỂU\", \"KIÊNG\", \"KỲ\", \"LÂY\", \"LẤY\n"}
,{"stream_name":"stdout","time":158.445993279,"data":"MATCH    vocab.test_ref_tokens_total: expected=128 measured=128\n"}
,{"stream_name":"stdout","time":158.445997039,"data":"MATCH    vocab.test_ref_tokens_oov: expected=29 measured=29\n"}
,{"stream_name":"stdout","time":158.446000479,"data":"MATCH    vocab_full_reference.n_tokens: expected=372 measured=372\n"}
,{"stream_name":"stdout","time":158.446003859,"data":"MATCH    vocab_full_reference.sha256: expected=\"dd7bc3da8f83e1e3400a85a0bfc4a7d8e882224647a23279a63b8f31d3601d11\" measured=\"dd7bc3da8f83e1e3400a85a0bfc4a7d8e882224647a23279a63b8f31d3601d11\"\n"}
,{"stream_name":"stdout","time":158.446007709,"data":"MATCH    counts_after_split.clean10k.train: expected=6423 measured=6423\n"}
,{"stream_name":"stdout","time":158.446010939,"data":"MATCH    counts_after_split.clean10k.val: expected=713 measured=713\n"}
,{"stream_name":"stdout","time":158.446014129,"data":"MATCH    counts_after_split.cslr.test: expected=30 measured=30\n"}
,{"stream_name":"stdout","time":158.446017369,"data":"MATCH    counts_after_split.cslr.train: expected=2880 measured=2880\n"}
,{"stream_name":"stdout","time":158.446020819,"data":"MATCH    counts_after_split.cslr.val: expected=30 measured=30\n"}
,{"stream_name":"stdout","time":158.446024249,"data":"MATCH    counts_after_split.vslgh_text.test: expected=30 measured=30\n"}
,{"stream_name":"stdout","time":158.446027289,"data":"MATCH    counts_after_split.vslgh_text.train: expected=240 measured=240\n"}
,{"stream_name":"stdout","time":158.446035679,"data":"MATCH    counts_after_split.vslgh_text.val: expected=30 measured=30\n"}
,{"stream_name":"stdout","time":158.446039139,"data":"MATCH    counts_default.clean10k.train: expected=6426 measured=6426\n"}
,{"stream_name":"stdout","time":158.446042209,"data":"MATCH    counts_default.clean10k.val: expected=714 measured=714\n"}
,{"stream_name":"stdout","time":158.446045149,"data":"MATCH    counts_default.cslr.test: expected=300 measured=300\n"}
,{"stream_name":"stdout","time":158.446048409,"data":"MATCH    counts_default.cslr.train: expected=3600 measured=3600\n"}
,{"stream_name":"stdout","time":158.446051669,"data":"MATCH    counts_default.cslr.val: expected=300 measured=300\n"}
,{"stream_name":"stdout","time":158.446054949,"data":"MATCH    counts_default.vslgh_text.test: expected=30 measured=30\n"}
,{"stream_name":"stdout","time":158.446058019,"data":"MATCH    counts_default.vslgh_text.train: expected=240 measured=240\n"}
,{"stream_name":"stdout","time":158.446061549,"data":"MATCH    counts_default.vslgh_text.val: expected=30 measured=30\n"}
,{"stream_name":"stdout","time":158.446064639,"data":"MATCH    clean10k_excluded.n_train: expected=3 measured=3\n"}
,{"stream_name":"stdout","time":158.446103019,"data":"MATCH    clean10k_excluded.n_val: expected=1 measured=1\n"}
,{"stream_name":"stdout","time":158.446136409,"data":"MATCH    clean10k_excluded.by_reason.L1: expected=2 measured=2\n"}
,{"stream_name":"stdout","time":158.446142149,"data":"MATCH    clean10k_excluded.by_reason.L2: expected=0 measured=0\n"}
,{"stream_name":"stdout","time":158.446145809,"data":"MATCH    clean10k_excluded.by_reason.near_dup: expected=2 measured=2\n"}
,{"stream_name":"stdout","time":158.446154239,"data":"MATCH    clean10k_excluded.ids: expected=[\"PAR_10K_02347\", \"PAR_10K_02536\", \"PAR_10K_03112\", \"PAR_10K_05270\"] measured=[\"PAR_10K_02347\", \"PAR_10K_02536\", \"PAR_10K_03112\", \"PAR_10K_05270\"]\n"}
,{"stream_name":"stdout","time":158.446176849,"data":"MATCH    leak_check.total: expected=0 measured=0\n"}
,{"stream_name":"stdout","time":158.446180769,"data":"MATCH    test_keypoints_digest: expected=\"4bf83012afe85d2477da4f8a3f3e89fde4e89cf8ffb14e221aee97912fb8c5dc\" measured=\"4bf83012afe85d2477da4f8a3f3e89fde4e89cf8ffb14e221aee97912fb8c5dc\"\n"}
,{"stream_name":"stdout","time":158.446184839,"data":"MATCH    test_keypoints_digest_repro_v2: expected=\"27e3c15a2fda67487e1327f3ef00c3aae7bcd00fa36b06592c160627a54bc188\" measured=\"27e3c15a2fda67487e1327f3ef00c3aae7bcd00fa36b06592c160627a54bc188\"\n"}
,{"stream_name":"stdout","time":158.446852449,"data":"PREFLIGHT OK: 44 values == preregistration\n"}
,{"stream_name":"stdout","time":158.446866258,"data":"LEAK CHECK OK (k2 kernel): total=0 cslr=0 vocab=0 vit5_stage1=0 vit5_stage2=0 cslr_test_selection=0\n"}
,{"stream_name":"stdout","time":158.446870158,"data":"TEST DEFERRED (preflight): no training and no evaluation in this mode\n"}
,{"stream_name":"stderr","time":161.174630844,"data":"/usr/local/lib/python3.12/dist-packages/mistune.py:435: SyntaxWarning: invalid escape sequence '\\|'\n"}
,{"stream_name":"stderr","time":161.174665333,"data":"  cells[i][c] = re.sub('\\\\\\\\\\|', '|', cell)\n"}
,{"stream_name":"stderr","time":161.413595491,"data":"/usr/local/lib/python3.12/dist-packages/nbconvert/filters/filter_links.py:36: SyntaxWarning: invalid escape sequence '\\_'\n"}
,{"stream_name":"stderr","time":161.413626262,"data":"  text = re.sub(r'_', '\\_', text) # Escape underscores in display text\n"}
,{"stream_name":"stderr","time":162.000780581,"data":"[NbConvertApp] Converting notebook __script__.ipynb to html\n"}
,{"stream_name":"stderr","time":162.813385084,"data":"[NbConvertApp] Writing 445980 bytes to __results__.html\n"}
]